I'm sorry, but errors were detected in your script. Please correct the
errors listed below, and try again.


File "game/script.rpy", line 96: expected 'image_name_component' not found.
    show "[persistent.graphic_mode]/full anal.png"
         ^

Ren'Py Version: Ren'Py 8.0.3.22090809
Fri Nov  3 01:23:17 2023
